Restore Archived Project report for Music_Systhesizer
Mon Dec 01 22:23:00 2014
Quartus II 64-Bit Version 14.0.0 Build 200 06/17/2014 SJ Web Edition


---------------------
; Table of Contents ;
---------------------
  1. Legal Notice
  2. Restore Archived Project Summary
  3. Restore Archived Project Messages
  4. Files Restored
  5. Files Not Restored



----------------
; Legal Notice ;
----------------
Copyright (C) 1991-2014 Altera Corporation. All rights reserved.
Your use of Altera Corporation's design tools, logic functions 
and other software and tools, and its AMPP partner logic 
functions, and any output files from any of the foregoing 
(including device programming or simulation files), and any 
associated documentation or information are expressly subject 
to the terms and conditions of the Altera Program License 
Subscription Agreement, the Altera Quartus II License Agreement,
the Altera MegaCore Function License Agreement, or other 
applicable license agreement, including, without limitation, 
that your use is for the sole purpose of programming logic 
devices manufactured by Altera and sold by Altera or its 
authorized distributors.  Please refer to the applicable 
agreement for further details.



+-------------------------------------------------------------------------+
; Restore Archived Project Summary                                        ;
+---------------------------------+---------------------------------------+
; Restore Archived Project Status ; Successful - Mon Dec 01 22:23:00 2014 ;
; Revision Name                   ; Music_Systhesizer                     ;
; Top-level Entity Name           ; Music_Systhesizer                     ;
; Family                          ; Cyclone IV E                          ;
+---------------------------------+---------------------------------------+


+-----------------------------------+
; Restore Archived Project Messages ;
+-----------------------------------+
Info: Successfully restored 'G:/Course/ECE/ECE385/Final_Project/Final_project/Music_Systhesizer_tmp_archive.qar' into the 'J:/ECE385/Final_Project' directory
Info: Generated report 'Music_Systhesizer.restore.rpt'


+----------------------------------------------------------------------------------------+
; Files Restored                                                                         ;
+----------------------------------------------------------------------------------------+
; File Name                                                                              ;
+----------------------------------------------------------------------------------------+
; qar_info.json                                                                          ;
; HexDriver.sv                                                                           ;
; Music_Systhesizer.qpf                                                                  ;
; Music_Systhesizer.qsf                                                                  ;
; Pin_Assignment/Music_Systhesizer.bdf                                                   ;
; audio_interface.vhd                                                                    ;
; freq_choose.sv                                                                         ;
; keyToFreq.sv                                                                           ;
; lab7_usb/keybuffer.sv                                                                  ;
; lab7_usb/lab7_usb.sv                                                                   ;
; lab7_usb/usb_system.qsys                                                               ;
; lab7_usb/usb_system.sopcinfo                                                           ;
; lab7_usb/usb_system/synthesis/submodules/CY7C67200_IF.v                                ;
; lab7_usb/usb_system/synthesis/submodules/altera_avalon_dc_fifo.v                       ;
; lab7_usb/usb_system/synthesis/submodules/altera_avalon_mm_clock_crossing_bridge.v      ;
; lab7_usb/usb_system/synthesis/submodules/altera_avalon_sc_fifo.v                       ;
; lab7_usb/usb_system/synthesis/submodules/altera_avalon_st_clock_crosser.v              ;
; lab7_usb/usb_system/synthesis/submodules/altera_avalon_st_handshake_clock_crosser.v    ;
; lab7_usb/usb_system/synthesis/submodules/altera_avalon_st_pipeline_base.v              ;
; lab7_usb/usb_system/synthesis/submodules/altera_dcfifo_synchronizer_bundle.v           ;
; lab7_usb/usb_system/synthesis/submodules/altera_irq_clock_crosser.sv                   ;
; lab7_usb/usb_system/synthesis/submodules/altera_merlin_arbitrator.sv                   ;
; lab7_usb/usb_system/synthesis/submodules/altera_merlin_burst_uncompressor.sv           ;
; lab7_usb/usb_system/synthesis/submodules/altera_merlin_master_agent.sv                 ;
; lab7_usb/usb_system/synthesis/submodules/altera_merlin_master_translator.sv            ;
; lab7_usb/usb_system/synthesis/submodules/altera_merlin_slave_agent.sv                  ;
; lab7_usb/usb_system/synthesis/submodules/altera_merlin_slave_translator.sv             ;
; lab7_usb/usb_system/synthesis/submodules/altera_reset_controller.sdc                   ;
; lab7_usb/usb_system/synthesis/submodules/altera_reset_controller.v                     ;
; lab7_usb/usb_system/synthesis/submodules/altera_reset_synchronizer.v                   ;
; lab7_usb/usb_system/synthesis/submodules/usb_system_clocks.v                           ;
; lab7_usb/usb_system/synthesis/submodules/usb_system_cpu.sdc                            ;
; lab7_usb/usb_system/synthesis/submodules/usb_system_cpu.v                              ;
; lab7_usb/usb_system/synthesis/submodules/usb_system_cpu_jtag_debug_module_sysclk.v     ;
; lab7_usb/usb_system/synthesis/submodules/usb_system_cpu_jtag_debug_module_tck.v        ;
; lab7_usb/usb_system/synthesis/submodules/usb_system_cpu_jtag_debug_module_wrapper.v    ;
; lab7_usb/usb_system/synthesis/submodules/usb_system_cpu_oci_test_bench.v               ;
; lab7_usb/usb_system/synthesis/submodules/usb_system_cpu_ociram_default_contents.mif    ;
; lab7_usb/usb_system/synthesis/submodules/usb_system_cpu_rf_ram_a.mif                   ;
; lab7_usb/usb_system/synthesis/submodules/usb_system_cpu_rf_ram_b.mif                   ;
; lab7_usb/usb_system/synthesis/submodules/usb_system_cpu_test_bench.v                   ;
; lab7_usb/usb_system/synthesis/submodules/usb_system_irq_mapper.sv                      ;
; lab7_usb/usb_system/synthesis/submodules/usb_system_jtag_uart.v                        ;
; lab7_usb/usb_system/synthesis/submodules/usb_system_keycode.v                          ;
; lab7_usb/usb_system/synthesis/submodules/usb_system_mm_interconnect_0.v                ;
; lab7_usb/usb_system/synthesis/submodules/usb_system_mm_interconnect_0_cmd_demux.sv     ;
; lab7_usb/usb_system/synthesis/submodules/usb_system_mm_interconnect_0_cmd_demux_001.sv ;
; lab7_usb/usb_system/synthesis/submodules/usb_system_mm_interconnect_0_cmd_mux.sv       ;
; lab7_usb/usb_system/synthesis/submodules/usb_system_mm_interconnect_0_cmd_mux_003.sv   ;
; lab7_usb/usb_system/synthesis/submodules/usb_system_mm_interconnect_0_router.sv        ;
; lab7_usb/usb_system/synthesis/submodules/usb_system_mm_interconnect_0_router_001.sv    ;
; lab7_usb/usb_system/synthesis/submodules/usb_system_mm_interconnect_0_router_002.sv    ;
; lab7_usb/usb_system/synthesis/submodules/usb_system_mm_interconnect_0_router_005.sv    ;
; lab7_usb/usb_system/synthesis/submodules/usb_system_mm_interconnect_0_rsp_demux.sv     ;
; lab7_usb/usb_system/synthesis/submodules/usb_system_mm_interconnect_0_rsp_demux_003.sv ;
; lab7_usb/usb_system/synthesis/submodules/usb_system_mm_interconnect_0_rsp_mux.sv       ;
; lab7_usb/usb_system/synthesis/submodules/usb_system_mm_interconnect_0_rsp_mux_001.sv   ;
; lab7_usb/usb_system/synthesis/submodules/usb_system_mm_interconnect_1.v                ;
; lab7_usb/usb_system/synthesis/submodules/usb_system_sdram.v                            ;
; lab7_usb/usb_system/synthesis/usb_system.debuginfo                                     ;
; lab7_usb/usb_system/synthesis/usb_system.qip                                           ;
; lab7_usb/usb_system/synthesis/usb_system.regmap                                        ;
; lab7_usb/usb_system/synthesis/usb_system.v                                             ;
; lab7_usb/usb_system/usb_system.cmp                                                     ;
; sine.v                                                                                 ;
; soundGen.v                                                                             ;
; testbench.sv                                                                           ;
; assignment_defaults.qdf                                                                ;
+----------------------------------------------------------------------------------------+


+--------------------+
; Files Not Restored ;
+--------------------+
; File Name          ;
+--------------------+


